// Vitest Snapshot v1, https://vitest.dev/guide/snapshot.html

exports[`layoutCity > snapshot of layoutCity(trace.street[0].state.nodes) 1`] = `
{
  "cell": [
    [
      273603042565826,
      -1,
      1,
    ],
    [
      1818132560522369,
      0,
      1,
    ],
    [
      2033013379829139,
      1,
      0,
    ],
    [
      2438102915047933,
      1,
      -1,
    ],
    [
      3155115984088982,
      0,
      0,
    ],
    [
      3781345924436676,
      1,
      -1,
    ],
    [
      4228725120489301,
      0,
      -1,
    ],
    [
      4462437982528837,
      -1,
      0,
    ],
  ],
  "foundries": [
    "-2,2",
    "0,2",
    "2,0",
    "2,-2",
    "0,-2",
    "-2,0",
  ],
  "ground": 30,
  "radius": 1,
  "root": 3155115984088982,
  "streets": [
    [
      3781345924436676,
      1,
      1,
      "-1,1 0,1 1,0 1,-1 0,-1 -1,0",
    ],
  ],
  "yards": [
    "-3,3",
    "0,3",
    "3,0",
    "3,-3",
    "0,-3",
    "-3,0",
  ],
}
`;
